xxï¿½xï¿½xï¿½ï¿½x: udp mbox: 6
[0;32mI (631) wifi_init: tcp mbox:ï¿½ets Jul 29 2019 12:21:46[0m

rst:0x1 (POWERON_RESET),boot:0x13 (SPI_FAST_FLASH_BOOT)
configsip: 0, SPIWP:0xee
clk_drv:0x00,q_drv:0x00,d_drv:0x00,cs0_drv:0x00,hd_drv:0x00,wp_drv:0x00
mode:DIO, clock div:2
load:0x3fff0030,len:6328
load:0x40078000,len:15828
load:0x40080400,len:3860
entry 0x40080638
[0;32mI (27) boot: ESP-IDF v5.5-dev-1050-gb5ac4fbdf9 2nd stage bootloader[0m
[0;32mI (27) boot: compile time Apr 18 2025 06:40:07[0m
[0;32mI (27) boot: Multicore bootloader[0m
[0;32mI (30) boot: chip revision: v3.1[0m
[0;32mI (33) boot.esp32: SPI Speed      : 40MHz[0m
[0;32mI (37) boot.esp32: SPI Mode       : DIO[0m
[0;32mI (40) boot.esp32: SPI Flash Size : 2MB[0m
[0;32mI (44) boot: Enabling RNG early entropy source...[0m
[0;32mI (49) boot: Partition Table:[0m
[0;32mI (51) boot: ## Label            Usage          Type ST Offset   Length[0m
[0;32mI (57) boot:  0 nvs              WiFi data        01 02 00009000 00006000[0m
[0;32mI (64) boot:  1 phy_init         RF data          01 01 0000f000 00001000[0m
[0;32mI (71) boot:  2 factory          factory app      00 00 00010000 00100000[0m
[0;32mI (77) boot: End of partition table[0m
[0;32mI (80) esp_image: segment 0: paddr=00010020 vaddr=3f400020 size=1cc10h (117776) map[0m
[0;32mI (128) esp_image: segment 1: paddr=0002cc38 vaddr=3ff80000 size=0001ch (    28) load[0m
[0;32mI (128) esp_image: segment 2: paddr=0002cc5c vaddr=3ffb0000 size=033bch ( 13244) load[0m
[0;32mI (137) esp_image: segment 3: paddr=00030020 vaddr=400d0020 size=8ee3ch (585276) map[0m
[0;32mI (339) esp_image: segment 4: paddr=000bee64 vaddr=3ffb33bc size=00bbch (  3004) load[0m
[0;32mI (341) esp_image: segment 5: paddr=000bfa28 vaddr=40080000 size=18da8h (101800) load[0m
[0;32mI (395) boot: Loaded app from partition at offset 0x10000[0m
[0;32mI (395) boot: Disabling RNG early entropy source...[0m
[0;32mI (406) cpu_start: Multicore app[0m
[0;32mI (414) cpu_start: Pro cpu start user code[0m
[0;32mI (414) cpu_start: cpu freq: 160000000 Hz[0m
[0;32mI (414) app_init: Application information:[0m
[0;32mI (414) app_init: Project name:     httptc[0m
[0;32mI (418) app_init: App version:      3f2a030-dirty[0m
[0;32mI (422) app_init: Compile time:     Apr 18 2025 06:42:31[0m
[0;32mI (427) app_init: ELF file SHA256:  23d41a1ad...[0m
[0;32mI (432) app_init: ESP-IDF:          v5.5-dev-1050-gb5ac4fbdf9[0m
[0;32mI (437) efuse_init: Min chip rev:     v0.0[0m
[0;32mI (441) efuse_init: Max chip rev:     v3.99 [0m
[0;32mI (445) efuse_init: Chip rev:         v3.1[0m
[0;32mI (449) heap_init: Initializing. RAM available for dynamic allocation:[0m
[0;32mI (455) heap_init: At 3FFAE6E0 len 00001920 (6 KiB): DRAM[0m
[0;32mI (460) heap_init: At 3FFB8200 len 00027E00 (159 KiB): DRAM[0m
[0;32mI (465) heap_init: At 3FFE0440 len 00003AE0 (14 KiB): D/IRAM[0m
[0;32mI (471) heap_init: At 3FFE4350 len 0001BCB0 (111 KiB): D/IRAM[0m
[0;32mI (476) heap_init: At 40098DA8 len 00007258 (28 KiB): IRAM[0m
[0;32mI (483) spi_flash: detected chip: generic[0m
[0;32mI (485) spi_flash: flash io: dio[0m
[0;33mW (488) spi_flash: Detected size(4096k) larger than the size in the binary image header(2048k). Using the size in the binary image header.[0m
[0;33mW (500) i2c: This driver is an old driver, please migrate your application code to adapt `driver/i2c_master.h`[0m
[0;32mI (511) main_task: Started on CPU0[0m
[0;32mI (521) main_task: Calling app_main()[0m
[0;32mI (571) wifi:wifi driver task: 3ffc0394, prio:23, stack:6656, core=0[0m
[0;32mI (581) wifi:wifi firmware version: 34d97ea27[0m
[0;32mI (581) wifi:wifi certification version: v7.0[0m
[0;32mI (581) wifi:config NVS flash: enabled[0m
[0;32mI (581) wifi:config nano formatting: disabled[0m
[0;32mI (591) wifi:Init data frame dynamic rx buffer num: 32[0m
[0;32mI (591) wifi:Init static rx mgmt buffer num: 5[0m
[0;32mI (601) wifi:Init management short buffer num: 32[0m
[0;32mI (601) wifi:Init dynamic tx buffer num: 32[0m
[0;32mI (611) wifi:Init static rx buffer size: 1600[0m
[0;32mI (611) wifi:Init static rx buffer num: 10[0m
[0;32mI (611) wifi:Init dynamic rx buffer num: 32[0m
[0;32mI (621) wifi_init: rx ba win: 6[0m
[0;32mI (621) wifi_init: accept mbox: 6[0m
[0;32mI (621) wifi_init: tcpip mbox: 32[0m
[0;32mI (631) wifi_init: udp mbox: 6[0m
[0;32mI (631) wifi_init: tcp mbox: 6[0m
[0;32mI (631) wifi_init: tcp tx win: 5760[0m
[0;32mI (641) wifi_init: tcp rx win: 5760[0m
[0;32mI (641) wifi_init: tcp mss: 1440[0m
[0;32mI (641) wifi_init: WiFi IRAM OP enabled[0m
[0;32mI (651) wifi_init: WiFi RX IRAM OP enabled[0m
[0;32mI (651) phy_init: phy_version 4840,02e0d70,Sep  2 2024,19:39:07[0m
[0;32mI (741) wifi:mode : softAP (8c:4f:00:12:4c:dd)[0m
[0;32mI (741) wifi:Total power save buffer number: 16[0m
[0;32mI (741) wifi:Init max length of beacon: 752/752[0m
[0;32mI (751) wifi:Init max length of beacon: 752/752[0m
[0;32mI (751) wifi_ap: AP started with SSID: TemperatureController[0m
[0;32mI (751) esp_netif_lwip: DHCP server started on interface WIFI_AP_DEF with IP: 192.168.4.1[0m
[0;32mI (771) main_task: Returned from app_main()[0m
[0;32mI (13861) wifi:new:<1,1>, old:<1,1>, ap:<1,1>, sta:<255,255>, prof:1, snd_ch_cfg:0x0[0m
[0;32mI (13861) wifi:station: 40:a1:08:20:ce:d8 join, AID=1, bgn, 40U[0m
[0;32mI (14341) esp_netif_lwip: DHCP server assigned IP to a client, IP is: 192.168.4.2[0m
[0;32mI (14871) wifi:<ba-add>idx:2 (ifx:1, 40:a1:08:20:ce:d8), tid:0, ssn:70, winSize:64[0m
[1;31mE (36171) task_wdt: Task watchdog got triggered. The following tasks/users did not reset the watchdog in time:[0m
[1;31mE (36171) task_wdt:  - IDLE0 (CPU 0)[0m
[1;31mE (36171) task_wdt: Tasks currently running:[0m
[1;31mE (36171) task_wdt: CPU 0: relay_control_t[0m
[1;31mE (36171) task_wdt: CPU 1: IDLE1[0m
[1;31mE (36171) task_wdt: Print CPU 0 (current core) backtrace[0m


Backtrace: 0x400DA1BE:0x3FFB1FA0 0x400DA580:0x3FFB1FC0 0x400835D1:0x3FFB1FF0 0x400852C9:0x3FFCB000 0x4008D67E:0x3FFCB020 0x400D811F:0x3FFCB040 0x4008B42D:0x3FFCB060

[1;31mE (41171) task_wdt: Task watchdog got triggered. The following tasks/users did not reset the watchdog in time:[0m
[1;31mE (41171) task_wdt:  - IDLE0 (CPU 0)[0m
[1;31mE (41171) task_wdt: Tasks currently running:[0m
[1;31mE (41171) task_wdt: CPU 0: temp_task[0m
[1;31mE (41171) task_wdt: CPU 1: IDLE1[0m
[1;31mE (41171) task_wdt: Print CPU 0 (current core) backtrace[0m


Backtrace: 0x400DA1BE:0x3FFB1FA0 0x400DA580:0x3FFB1FC0 0x400835D1:0x3FFB1FF0 0x4000BFED:0x3FFCA4F0 0x4008B5D9:0x3FFCA500 0x4008FC4D:0x3FFCA520 0x4008FC11:0x3FFCA540 0x400824CF:0x3FFCA560 0x40092A09:0x3FFCA580 0x400E195A:0x3FFCA5A0 0x400D8217:0x3FFCA5C0 0x400D807D:0x3FFCA5F0 0x4008B42D:0x3FFCA620

[1;31mE (46171) task_wdt: Task watchdog got triggered. The following tasks/users did not reset the watchdog in time:[0m
[1;31mE (46171) task_wdt:  - IDLE0 (CPU 0)[0m
[1;31mE (46171) task_wdt: Tasks currently running:[0m
[1;31mE (46171) task_wdt: CPU 0: httpd[0m
[1;31mE (46171) task_wdt: CPU 1: IDLE1[0m
[1;31mE (46171) task_wdt: Print CPU 0 (current core) backtrace[0m


Backtrace: 0x400DA1BE:0x3FFB1FA0 0x400DA580:0x3FFB1FC0 0x400835D1:0x3FFB1FF0 0x4011A50C:0x3FFC9280 0x4011A778:0x3FFC92B0 0x4011C154:0x3FFC9320 0x400D79F9:0x3FFC93B0 0x400E2555:0x3FFC9410 0x400E262E:0x3FFC9460 0x4008B42D:0x3FFC9480

[1;31mE (51171) task_wdt: Task watchdog got triggered. The following tasks/users did not reset the watchdog in time:[0m
[1;31mE (51171) task_wdt:  - IDLE0 (CPU 0)[0m
[1;31mE (51171) task_wdt: Tasks currently running:[0m
[1;31mE (51171) task_wdt: CPU 0: relay_control_t[0m
[1;31mE (51171) task_wdt: CPU 1: IDLE1[0m
[1;31mE (51171) task_wdt: Print CPU 0 (current core) backtrace[0m


Backtrace: 0x400DA1BE:0x3FFB1FA0 0x400DA580:0x3FFB1FC0 0x400835D1:0x3FFB1FF0 0x400852C9:0x3FFCB000 0x4008D67E:0x3FFCB020 0x400D811F:0x3FFCB040 0x4008B42D:0x3FFCB060

[1;31mE (56171) task_wdt: Task watchdog got triggered. The following tasks/users did not reset the watchdog in time:[0m
[1;31mE (56171) task_wdt:  - IDLE0 (CPU 0)[0m
[1;31mE (56171) task_wdt: Tasks currently running:[0m
[1;31mE (56171) task_wdt: CPU 0: temp_task[0m
[1;31mE (56171) task_wdt: CPU 1: IDLE1[0m
[1;31mE (56171) task_wdt: Print CPU 0 (current core) backtrace[0m


Backtrace: 0x400DA1BE:0x3FFB1FA0 0x400DA580:0x3FFB1FC0 0x400835D1:0x3FFB1FF0 0x4000BFED:0x3FFCA4F0 0x4008B7E2:0x3FFCA500 0x4008FC82:0x3FFCA520 0x4008FC31:0x3FFCA540 0x400824CF:0x3FFCA560 0x40092A09:0x3FFCA580 0x400E195A:0x3FFCA5A0 0x400D8217:0x3FFCA5C0 0x400D807D:0x3FFCA5F0 0x4008B42D:0x3FFCA620

[1;31mE (61171) task_wdt: Task watchdog got triggered. The following tasks/users did not reset the watchdog in time:[0m
[1;31mE (61171) task_wdt:  - IDLE0 (CPU 0)[0m
[1;31mE (61171) task_wdt: Tasks currently running:[0m
[1;31mE (61171) task_wdt: CPU 0: esp_timer[0m
[1;31mE (61171) task_wdt: CPU 1: IDLE1[0m
[1;31mE (61171) task_wdt: Print CPU 0 (current core) backtrace[0m


Backtrace: 0x400DA1BE:0x3FFB1FA0 0x400DA580:0x3FFB1FC0 0x400835D1:0x3FFB1FF0 0x4011984D:0x3FFB94D0 0x401198A1:0x3FFB9500 0x4008B42D:0x3FFB9520

[1;31mE (66171) task_wdt: Task watchdog got triggered. The following tasks/users did not reset the watchdog in time:[0m
[1;31mE (66171) task_wdt:  - IDLE0 (CPU 0)[0m
[1;31mE (66171) task_wdt: Tasks currently running:[0m
[1;31mE (66171) task_wdt: CPU 0: temp_task[0m
[1;31mE (66171) task_wdt: CPU 1: IDLE1[0m
[1;31mE (66171) task_wdt: Print CPU 0 (current core) backtrace[0m


Backtrace: 0x400DA1BE:0x3FFB1FA0 0x400DA580:0x3FFB1FC0 0x400835D1:0x3FFB1FF0 0x4000C48D:0x3FFCA4C0 0x40082741:0x3FFCA4D0 0x4008237E:0x3FFCA4F0 0x400E0C3E:0x3FFCA510 0x400E0E3C:0x3FFCA530 0x400E1B43:0x3FFCA550 0x400E1C2F:0x3FFCA590 0x400D8202:0x3FFCA5C0 0x400D807D:0x3FFCA5F0 0x4008B42D:0x3FFCA620

